[23951:4137713:0610/145954.611049:ERROR:ui/display/mac/cv_display_link_mac.mm:184] CVDisplayLinkCreateWithCGDisplay failed. CVReturn: -6670
[23951:4137713:0610/145954.611795:ERROR:ui/display/mac/cv_display_link_mac.mm:184] CVDisplayLinkCreateWithCGDisplay failed. CVReturn: -6670
[23951:4137713:0610/145954.611994:ERROR:ui/display/mac/cv_display_link_mac.mm:184] CVDisplayLinkCreateWithCGDisplay failed. CVReturn: -6670
[23951:4137713:0610/145954.612175:ERROR:ui/display/mac/cv_display_link_mac.mm:184] CVDisplayLinkCreateWithCGDisplay failed. CVReturn: -6670
[23951:4137713:0610/145955.291921:ERROR:ui/display/mac/cv_display_link_mac.mm:184] CVDisplayLinkCreateWithCGDisplay failed. CVReturn: -6670
Trying to load the allocator multiple times. This is *not* supported.
[23951:4137713:0610/145959.597259:ERROR:ui/display/mac/cv_display_link_mac.mm:184] CVDisplayLinkCreateWithCGDisplay failed. CVReturn: -6670
2422239 bytes written to file .tmp/chandler_top.png
[23945:4137668:0610/145959.705542:ERROR:google_apis/gcm/engine/registration_request.cc:291] Registration response error message: DEPRECATED_ENDPOINT
[23945:4137668:0610/145959.752949:ERROR:google_apis/gcm/engine/registration_request.cc:291] Registration response error message: PHONE_REGISTRATION_ERROR
[23945:4137668:0610/145959.757205:ERROR:google_apis/gcm/engine/registration_request.cc:291] Registration response error message: PHONE_REGISTRATION_ERROR
[23951:4137713:0610/145959.859184:ERROR:ui/display/mac/cv_display_link_mac.mm:184] CVDisplayLinkCreateWithCGDisplay failed. CVReturn: -6670
[23945:4137668:0610/145959.923996:ERROR:google_apis/gcm/engine/mcs_client.cc:702]   Error code: 401  Error message: Authentication Failed: wrong_secret
[23945:4137668:0610/145959.924032:ERROR:google_apis/gcm/engine/mcs_client.cc:704] Failed to log in to GCM, resetting connection.
[23951:4137713:0610/145959.993335:ERROR:ui/display/mac/cv_display_link_mac.mm:184] CVDisplayLinkCreateWithCGDisplay failed. CVReturn: -6670
[23951:4137713:0610/150000.184061:ERROR:ui/display/mac/cv_display_link_mac.mm:184] CVDisplayLinkCreateWithCGDisplay failed. CVReturn: -6670
[23951:4137713:0610/150000.433672:ERROR:ui/display/mac/cv_display_link_mac.mm:184] CVDisplayLinkCreateWithCGDisplay failed. CVReturn: -6670
[23951:4137713:0610/150000.623446:ERROR:ui/display/mac/cv_display_link_mac.mm:184] CVDisplayLinkCreateWithCGDisplay failed. CVReturn: -6670
[23951:4137713:0610/150000.817467:ERROR:ui/display/mac/cv_display_link_mac.mm:184] CVDisplayLinkCreateWithCGDisplay failed. CVReturn: -6670
Created TensorFlow Lite XNNPACK delegate for CPU.
[23951:4137713:0610/150007.061980:ERROR:ui/display/mac/cv_display_link_mac.mm:184] CVDisplayLinkCreateWithCGDisplay failed. CVReturn: -6670
[23945:4137631:0610/150117.736796:ERROR:content/browser/gpu/gpu_process_host.cc:1005] GPU process exited unexpectedly: exit_code=15
[24734:4143148:0610/150117.807719:ERROR:base/apple/mach_port_rendezvous_mac.cc:256] bootstrap_look_up com.google.Chrome.MachPortRendezvousServer.1: Unknown service name (1102)
[24734:4143148:0610/150117.808206:ERROR:base/memory/shared_memory_switch.cc:261] No rendezvous client, terminating process (parent died?)
